V3 42
FL /home/nodeuser/UHD-Mirror/fpga/usrp2/opencores/zpu/core/zpupkg.vhd 2011/10/26.04:50:42 O.87xd
FL /home/nodeuser/UHD-Mirror/fpga/usrp2/opencores/zpu/core/zpu_config.vhd 2011/10/26.04:50:42 O.87xd
FL /home/nodeuser/UHD-Mirror/fpga/usrp2/opencores/zpu/core/zpu_core.vhd 2011/10/26.04:50:42 O.87xd
FL /home/nodeuser/UHD-Mirror/fpga/usrp2/opencores/zpu/wishbone/wishbone_pkg.vhd 2011/10/26.04:50:42 O.87xd
FL /home/nodeuser/UHD-Mirror/fpga/usrp2/opencores/zpu/wishbone/zpu_system.vhd 2011/10/26.04:50:42 O.87xd
FL /home/nodeuser/UHD-Mirror/fpga/usrp2/opencores/zpu/wishbone/zpu_wb_bridge.vhd 2011/10/26.04:50:42 O.87xd
FL /home/nodeuser/UHD-Mirror/fpga/usrp2/opencores/zpu/zpu_top_pkg.vhd 2011/10/26.04:50:42 O.87xd
FL /home/nodeuser/UHD-Mirror/fpga/usrp2/opencores/zpu/zpu_wb_top.vhd 2011/10/26.04:50:42 O.87xd
FL /home/seamas/FPGA_Projects/USRP/UCHE/usrp2/opencores/zpu/core/zpupkg.vhd 2012/11/21.16:44:57 O.87xd
PH work/zpupkg 1353521101 \
      FL /home/seamas/FPGA_Projects/USRP/UCHE/usrp2/opencores/zpu/core/zpupkg.vhd \
      PB ieee/std_logic_1164 1308643377 PB ieee/std_logic_arith 1308643378 \
      PH work/zpu_config 1353521100 CD dualport_ram CD dram CD trace CD zpu_core \
      CD timer CD zpuio
FL /home/seamas/FPGA_Projects/USRP/UCHE/usrp2/opencores/zpu/core/zpu_config.vhd 2012/11/21.16:44:57 O.87xd
PH work/zpu_config 1353521100 \
      FL /home/seamas/FPGA_Projects/USRP/UCHE/usrp2/opencores/zpu/core/zpu_config.vhd \
      PB ieee/std_logic_1164 1308643377 PB ieee/STD_LOGIC_UNSIGNED 1308643379
FL /home/seamas/FPGA_Projects/USRP/UCHE/usrp2/opencores/zpu/core/zpu_core.vhd 2012/11/21.16:44:57 O.87xd
EN work/zpu_core 1353521104 \
      FL /home/seamas/FPGA_Projects/USRP/UCHE/usrp2/opencores/zpu/core/zpu_core.vhd \
      PB ieee/std_logic_1164 1308643377 PB ieee/STD_LOGIC_UNSIGNED 1308643379 \
      PB ieee/std_logic_arith 1308643378 PH work/zpu_config 1353521100 \
      PH work/zpupkg 1353521101
AR work/zpu_core/behave 1353521105 \
      FL /home/seamas/FPGA_Projects/USRP/UCHE/usrp2/opencores/zpu/core/zpu_core.vhd \
      EN work/zpu_core 1353521104 CP trace
FL /home/seamas/FPGA_Projects/USRP/UCHE/usrp2/opencores/zpu/wishbone/wishbone_pkg.vhd 2012/11/21.16:44:57 O.87xd
PH work/wishbone_pkg 1353521102 \
      FL /home/seamas/FPGA_Projects/USRP/UCHE/usrp2/opencores/zpu/wishbone/wishbone_pkg.vhd \
      PB ieee/std_logic_1164 1308643377 PB ieee/STD_LOGIC_UNSIGNED 1308643379 \
      CD atomic32_access CD eth_access_corr
FL /home/seamas/FPGA_Projects/USRP/UCHE/usrp2/opencores/zpu/wishbone/zpu_system.vhd 2012/11/21.16:44:57 O.87xd
EN work/zpu_system 1353521108 \
      FL /home/seamas/FPGA_Projects/USRP/UCHE/usrp2/opencores/zpu/wishbone/zpu_system.vhd \
      PB ieee/std_logic_1164 1308643377 PB ieee/STD_LOGIC_UNSIGNED 1308643379 \
      PH work/zpu_top_pkg 1353521103 PH work/wishbone_pkg 1353521102 \
      PH work/zpupkg 1353521101 PH work/zpu_config 1353521100
AR work/zpu_system/behave 1353521109 \
      FL /home/seamas/FPGA_Projects/USRP/UCHE/usrp2/opencores/zpu/wishbone/zpu_system.vhd \
      EN work/zpu_system 1353521108 CP zpu_core CP zpu_wb_bridge
FL /home/seamas/FPGA_Projects/USRP/UCHE/usrp2/opencores/zpu/wishbone/zpu_wb_bridge.vhd 2012/11/21.16:44:57 O.87xd
EN work/zpu_wb_bridge 1353521106 \
      FL /home/seamas/FPGA_Projects/USRP/UCHE/usrp2/opencores/zpu/wishbone/zpu_wb_bridge.vhd \
      PB ieee/std_logic_1164 1308643377 PB ieee/STD_LOGIC_UNSIGNED 1308643379 \
      PH work/zpu_top_pkg 1353521103 PH work/wishbone_pkg 1353521102 \
      PH work/zpupkg 1353521101 PH work/zpu_config 1353521100
AR work/zpu_wb_bridge/behave 1353521107 \
      FL /home/seamas/FPGA_Projects/USRP/UCHE/usrp2/opencores/zpu/wishbone/zpu_wb_bridge.vhd \
      EN work/zpu_wb_bridge 1353521106
FL /home/seamas/FPGA_Projects/USRP/UCHE/usrp2/opencores/zpu/zpu_top_pkg.vhd 2012/11/21.16:44:57 O.87xd
PH work/zpu_top_pkg 1353521103 \
      FL /home/seamas/FPGA_Projects/USRP/UCHE/usrp2/opencores/zpu/zpu_top_pkg.vhd \
      PB ieee/std_logic_1164 1308643377 PB ieee/STD_LOGIC_UNSIGNED 1308643379 \
      PH work/zpupkg 1353521101 PH work/zpu_config 1353521100 PH work/wishbone_pkg 1353521102 \
      CD zpu_wb_bridge CD zpu_system
FL /home/seamas/FPGA_Projects/USRP/UCHE/usrp2/opencores/zpu/zpu_wb_top.vhd 2012/11/21.16:44:57 O.87xd
EN work/zpu_wb_top 1353521110 \
      FL /home/seamas/FPGA_Projects/USRP/UCHE/usrp2/opencores/zpu/zpu_wb_top.vhd \
      PB ieee/std_logic_1164 1308643377 PB ieee/STD_LOGIC_UNSIGNED 1308643379 \
      PH work/zpu_top_pkg 1353521103 PH work/wishbone_pkg 1353521102 \
      PH work/zpupkg 1353521101 PH work/zpu_config 1353521100
AR work/zpu_wb_top/syn 1353521111 \
      FL /home/seamas/FPGA_Projects/USRP/UCHE/usrp2/opencores/zpu/zpu_wb_top.vhd \
      EN work/zpu_wb_top 1353521110 CP zpu_system
